GithubCoursera\github-final-project> git branch
* bug-fix-typo
  main
GithubCoursera\github-final-project> git status
On branch bug-fix-typo
nothing to commit, working tree clean
GithubCoursera\github-final-project> git checkout main
Switched to branch 'main'
Your branch is up to date with 'origin/main'.
GithubCoursera\github-final-project> git status
On branch main
Your branch is up to date with 'origin/main'.
nothing to commit, working tree clean
