
nothing to commit, working tree clean
GithubCoursera\github-final-project> git checkout main            
Already on 'main'
Your branch is up to date with 'origin/main'.
GithubCoursera\github-final-project> git status               
On branch main
Your branch is up to date with 'origin/main'.

nothing to commit, working tree clean

GithubCoursera\github-final-project> git checkout bug-fix-typo
Switched to branch 'bug-fix-typo'
GithubCoursera\github-final-project> git status
On branch bug-fix-typo
nothing to commit, working tree clean
GithubCoursera\github-final-project>
